<?xml version="1.0" encoding="utf-8"?><testsuites><testsuite name="pytest" errors="0" failures="0" skipped="0" tests="4" time="4.599" timestamp="2025-01-16T23:43:35.298216-05:00" hostname="taus01"><testcase classname="tests.api.test_api.TestBatchPipeline" name="test_should_failed_unkown_column_1" time="0.039" /><testcase classname="tests.api.test_api.TestBatchPipeline" name="test_should_failed_unkown_column_2" time="0.004" /><testcase classname="tests.api.test_api.TestBatchPipeline" name="test_should_failed_unkown_column_3" time="0.003" /><testcase classname="tests.api.test_api.TestBatchPipeline" name="test_should_get_predict" time="0.035" /></testsuite></testsuites>